main.c:149:5:main	80	static
main.c:278:6:SystemClock_Config	88	static
main.c:323:13:MX_ADC1_Init	24	static
main.c:373:13:MX_CAN1_Init	8	static
main.c:410:13:MX_SPI1_Init	8	static
main.c:448:13:MX_TIM1_Init	16	static
main.c:488:13:MX_TIM2_Init	32	static
main.c:533:13:MX_TIM3_Init	32	static
main.c:578:13:MX_TIM8_Init	80	static
main.c:647:13:MX_USART2_UART_Init	8	static
main.c:680:13:MX_GPIO_Init	48	static
main.c:729:10:amt222_readPos	48	static
main.c:783:6:encoders_check	24	static
main.c:806:6:init_steppers	16	static
main.c:818:6:HAL_TIM_PeriodElapsedCallback	16	static
main.c:832:6:Error_Handler	4	static,ignoring_inline_asm
